// Jest Snapshot v1, https://goo.gl/fbAQLP

exports[`SearchPage should render with default values 1`] = `
<div>
  <h1>
    Search
  </h1>
  <hr />
  <div
    class="row g-4"
  >
    <div
      class="col-xl-4"
    >
      <form
        class="d-flex gap-3"
      >
        <input
          autocomplete="off"
          class="form-control"
          name="searchText"
          placeholder="Enter a hero name"
          type="text"
          value=""
        />
        <button
          class="btn btn-primary"
          disabled=""
          type="submit"
        >
          Search
        </button>
      </form>
    </div>
    <div
      class="col-xl-8"
    >
      <div
        class="alert alert-info animate__animated animate__fadeIn"
      >
        Search a hero
      </div>
      <div
        class="row row-cols-1 row-cols-lg-2 g-4"
      />
    </div>
  </div>
</div>
`;
